[themeelite.com/demos/flato/template-3/index.html]
[backblue.gif]
[fade.gif]
[index.html]
[themeelite.com/demos/flato/template-3/css/bootstrap.css]
[themeelite.com/demos/flato/template-3/css/style.css]
[themeelite.com/demos/flato/template-3/css/font-awesome.css]
[themeelite.com/demos/flato/template-3/css/fallback.css]
[themeelite.com/demos/flato/template-3/images/1.jpg]
[themeelite.com/demos/flato/template-3/images/me.jpg]
[themeelite.com/demos/flato/template-3/images/big-1.jpg]
[themeelite.com/demos/flato/template-3/images/thu-1.jpg]
[themeelite.com/demos/flato/template-3/images/big-2.jpg]
[themeelite.com/demos/flato/template-3/images/thu-2.jpg]
[themeelite.com/demos/flato/template-3/images/big-3.jpg]
[themeelite.com/demos/flato/template-3/images/thu-3.jpg]
[themeelite.com/demos/flato/template-3/images/big-4.jpg]
[themeelite.com/demos/flato/template-3/images/thu-4.jpg]
[themeelite.com/demos/flato/template-3/images/big-5.jpg]
[themeelite.com/demos/flato/template-3/images/thu-5.jpg]
[themeelite.com/demos/flato/template-3/images/big-6.jpg]
[themeelite.com/demos/flato/template-3/images/thu-6.jpg]
[themeelite.com/demos/flato/template-3/images/big-7.jpg]
[themeelite.com/demos/flato/template-3/js/modernizr.custom.26633.js]
[themeelite.com/demos/flato/template-3/js/jquery.min.js]
[themeelite.com/demos/flato/template-3/js/bootstrap.js]
[themeelite.com/demos/flato/template-3/js/jquery.gridrotator.js]
[themeelite.com/demos/flato/template-3/js/custom.js]
[themeelite.com/demos/flato/template-3/js/jquery.placeholder.js]
[themeelite.com/demos/flato/template-3/js/stickUp.js]
[themeelite.com/demos/flato/template-3/js/jquery.isotope.js]
[themeelite.com/demos/flato/template-3/css/jquery-ui-1.8.16.custom.css]
[themeelite.com/demos/flato/template-3/css/lightbox.min.css]
[themeelite.com/demos/flato/template-3/js/jquery.ui.widget.min.js]
[themeelite.com/demos/flato/template-3/js/jquery.ui.rlightbox.js]
[themeelite.com/demos/flato/template-3/js/jquery.easing.min.js]
[themeelite.com/demos/flato/template-3/js/jquery.easypiechart.js]
[themeelite.com/demos/flato/template-3/index.html]
[themeelite.com/demos/flato/template-3/js/jquery.contact.js]
[themeelite.com/demos/flato/template-3/css/bootstrap.css]
[themeelite.com/demos/flato/template-3/images/skills.png]
[themeelite.com/demos/flato/template-3/images/arrow-left.png]
[themeelite.com/demos/flato/template-3/images/arrow-left-light.png]
[themeelite.com/demos/flato/template-3/images/map-bro.png]
[themeelite.com/demos/flato/template-3/images/arrow-top.png]
[themeelite.com/demos/flato/template-3/images/arrow-top-light.png]
[themeelite.com/demos/flato/template-3/css/style.css]
[themeelite.com/demos/flato/template-3/fonts/fontawesome-webfontd41d.eot]
[themeelite.com/demos/flato/template-3/fonts/fontawesome-webfontba72.woff]
[themeelite.com/demos/flato/template-3/fonts/fontawesome-webfontba72.ttf]
[themeelite.com/demos/flato/template-3/css/font-awesome.css]
[themeelite.com/demos/flato/template-3/css/fallback.css]
[themeelite.com/demos/flato/template-3/images/thu-7.jpg]
[themeelite.com/demos/flato/template-3/images/big-8.jpg]
[themeelite.com/demos/flato/template-3/images/closebutton.png]
[themeelite.com/demos/flato/template-3/images/right-arrow.png]
[themeelite.com/demos/flato/template-3/images/left-arrow.png]
[themeelite.com/demos/flato/template-3/css/jquery-ui-1.8.16.custom.css]
[themeelite.com/demos/flato/template-3/images/zoom.png]
[themeelite.com/demos/flato/template-3/images/zoom-hover.png]
[themeelite.com/demos/flato/template-3/css/lightbox.min.css]
[themeelite.com/demos/flato/template-3/fonts/fontawesome-webfontba72.eot]
[themeelite.com/demos/flato/template-3/fonts/fontawesome-webfontba72.svg]
[themeelite.com/demos/flato/template-3/images/thu-8.jpg]
[themeelite.com/demos/flato/template-3/css/slideshow.html]
[themeelite.com/demos/flato/template-3/www.websitename.html]
[themeelite.com/demos/flato/template-3/fonts/glyphicons-halflings-regular.html]
[themeelite.com/demos/flato/template-3/fonts/glyphicons-halflings-regulard41d.html]
[themeelite.com/demos/flato/template-3/fonts/glyphicons-halflings-regular-2.html]
[themeelite.com/demos/flato/template-3/fonts/glyphicons-halflings-regular-3.html]
[themeelite.com/demos/flato/template-3/fonts/glyphicons-halflings-regular-4.html]
[themeelite.com/demos/flato/template-3/css/images/ui-bg_highlight-soft_100_eeeeee_1x100.html]
[themeelite.com/demos/flato/template-3/css/images/ui-bg_glass_100_f6f6f6_1x400.html]
[themeelite.com/demos/flato/template-3/css/images/ui-bg_glass_100_fdf5ce_1x400.html]
[themeelite.com/demos/flato/template-3/css/images/ui-bg_glass_65_ffffff_1x400.png]
[themeelite.com/demos/flato/template-3/css/images/ui-bg_highlight-soft_75_ffe45c_1x100.html]
[themeelite.com/demos/flato/template-3/css/images/ui-bg_diagonals-thick_18_b81900_40x40.html]
[themeelite.com/demos/flato/template-3/css/images/ui-icons_222222_256x240.html]
[themeelite.com/demos/flato/template-3/css/images/ui-icons_ef8c08_256x240.html]
[themeelite.com/demos/flato/template-3/css/images/ui-icons_ffd27a_256x240.html]
[themeelite.com/demos/flato/template-3/css/images/ui-bg_flat_10_000000_40x100.html]
[themeelite.com/demos/flato/template-3/css/loader.html]
[themeelite.com/demos/flato/template-3/css/error_bg.html]
[themeelite.com/demos/flato/template-3/css/error_sign.html]
